╭──────────────────────── Accessibility Control Panel ─────────────────────────╮
│Active Theme: High Contrast                                                   │
│Base Theme: Cyberpunk Aurora  Mode: High Contrast                             │
│Motion: Full (1.0x)  Large Text: OFF                                          │
│Shortcuts: h = contrast, m = motion, l = large text                           │
│                                                                              │
╰──────────────────────────────────────────────────────────────────────────────╯
╭────────────────────────────────── Toggles ───────────────────────────────────╮
│ [h] High Contrast: ON                                                        │
│ [m] Reduced Motion: OFF                                                      │
│ [l] Large Text: OFF                                                          │
│Shift+A opens the compact overlay                                             │
╰──────────────────────────────────────────────────────────────────────────────╯
╭ Tree · previous frame ───────────────────────────────────────────────────────╮
│accessibility tree disabled (ProgramConfig::with_accessibility)               │
│                                                                              │
│                                                                              │
│                                                                              │
│                                                                              │
╰──────────────────────────────────────────────────────────────────────────────╯
╭─────────────────────────────── A11y Telemetry ───────────────────────────────╮
│No a11y events yet. Toggle a mode to emit telemetry.                          │
│                                                                              │
╰──────────────────────────────────────────────────────────────────────────────╯