 1: Dash │ 2: Shakes │ 3: Code │ 4: Widgets │ 5: Layout │ 6: Forms │ 7: DataViz │ 8: Files │ 9: Adv │ 0: Perf │ -: Caps 
╭──────────────────────────────────────────────────────Dashboard───────────────────────────────────────────────────────╮
│FRANKENTUI DASHBOARD                                                                                                  │
│╭────────Plasma────────╮╭─────────────Charts──────────────╮╭──────────────Code───────────────╮╭─────────Info─────────╮│
││⣿⣿⣿⣿⣿⣿⣿⣿⣿⣿⣿⣿⣿⣿⣿⣿⣿⣿⣿⣿⣿⣿││CPU ▃ ▃▃▂▂▁▁▄▃▄▂▅▅▅▆▂▄▅▃▆▅▄▄▆▆▅▆▇││// FrankenTUI                    ││FPS: 0                ││
││⣿⣿⣿⣿⣿⣿⣿⣿⣿⣿⣿⣿⣿⣿⣿⣿⣿⣿⣿⣿⣿⣿││MEM ▅▂ ▃▁▄▄▂▂▇▅▃▅▂▃▄▆▄▇█▂▆▅▄▂▇▅▆█││use ftui::*;                     ││118x36                ││
││⣿⣿⣿⣿⣿⣿⣿⣿⣿⣿⣿⣿⣿⣿⣿⣿⣿⣿⣿⣿⣿⣿╔════════════════════════ ⌨ Keyboard Shortcuts ════════════════════════╗Cyberpunk Aurora      ││
││⣿⣿⣿⣿⣿⣿⣿⣿⣿⣿⣿⣿⣿⣿⣿⣿⣿⣿⣿⣿⣿⣿║│Navigation                       ││fn main() {                      │║Tick: 30              ││
││⣿⣿⣿⣿⣿⣿⣿⣿⣿⣿⣿⣿⣿⣿⣿⣿⣿⣿⣿⣿⣿⣿║│[1-9, 0]                 Switch to screen by number                 │║                      ││
││⣿⣿⣿⣿⣿⣿⣿⣿⣿⣿⣿⣿⣿⣿⣿⣿⣿⣿⣿⣿⣿⣿║│[Tab / L]                Next screen                                │║                      ││
││⣿⣿⣿⣿⣿⣿⣿⣿⣿⣿⣿⣿⣿⣿⣿⣿⣿⣿⣿⣿⣿⣿║│[S-Tab / H]              Previous screen                            │║                      ││
││⣿⣿⣿⣿⣿⣿⣿⣿⣿⣿⣿⣿⣿⣿⣿⣿⣿⣿⣿⣿⣿⣿║│                                 ││                                 │║                      ││
││⣿⣿⣿⣿⣿⣿⣿⣿⣿⣿⣿⣿⣿⣿⣿⣿⣿⣿⣿⣿⣿⣿║│View                             ││                                 │║                      ││
││⣿⣿⣿⣿⣿⣿⣿⣿⣿⣿⣿⣿⣿⣿⣿⣿⣿⣿⣿⣿⣿⣿║│[?]                      Toggle this help overlay                   │║                      ││
││⣿⣿⣿⣿⣿⣿⣿⣿⣿⣿⣿⣿⣿⣿⣿⣿⣿⣿⣿⣿⣿⣿║│[A]                      Toggle A11y panel                          │║                      ││
││⣿⣿⣿⣿⣿⣿⣿⣿⣿⣿⣿⣿⣿⣿⣿⣿⣿⣿⣿⣿⣿⣿║│[F12]                    Toggle debug overlay                       │║                      ││
││⣿⣿⣿⣿⣿⣿⣿⣿⣿⣿⣿⣿⣿⣿⣿⣿⣿⣿⣿⣿⣿⣿║│                                 ││                                 │║                      ││
││⣿⣿⣿⣿⣿⣿⣿⣿⣿⣿⣿⣿⣿⣿⣿⣿⣿⣿⣿⣿⣿⣿║│Editing                          ││                                 │║                      ││
││⣿⣿⣿⣿⣿⣿⣿⣿⣿⣿⣿⣿⣿⣿⣿⣿⣿⣿⣿⣿⣿⣿║│[Ctrl+Z]                 Undo    ││                                 │║CPU ██████░░░░░░░  46%││
││⣿⣿⣿⣿⣿⣿⣿⣿⣿⣿⣿⣿⣿⣿⣿⣿⣿⣿⣿⣿⣿⣿║│[Ctrl+Y / Ctrl+Shift+Z]  Redo    ││                                 │║MEM █████░░░░░░░░  41%││
││⣿⣿⣿⣿⣿⣿⣿⣿⣿⣿⣿⣿⣿⣿⣿⣿⣿⣿⣿⣿⣿⣿║│                                 ││                                 │║DSK █████████░░░░  67%││
│╰──────────────────────║╰Global───────────────────────────╯╰─────────────────────────────────╯║──────────────────────╯│
│╭─────────Statistics───║─[Ctrl+K]                 Open command palette──────╮╭───────────────M║rkdown────────────────╮│
││28S 45W 7E            ║ [Ctrl+T]                 Cycle color theme         ││Bold italic `cod║` E=mc²               ││
││                      ║ [H/M/L]                  A11y: high contrast, reduced motion, large  ║                      ││
││                      ║ [q / Ctrl+C]             Quit application          ││                ║                      ││
││                      ║     ││                                             ││                ║                      ││
││                      ║ Dashboard Controls                                 ││                ║                      ││
││                      ║ [r]                      Reset animations          ││                ║                      ││
││                      ║ [t]                      Cycle theme               ││                ║                      ││
││                      ║     ││                                             ││                ║                      ││
││                      ║     ││                                             ││                ║                      ││
││                      ║     ││                                             ││                ║                      ││
││                      ╚═══════════════════════Press ? or Esc to close════════════════════════╝                      ││
││                            ││                                             ││                                       ││
││                            ││                                             ││                                       ││
│╰────────────────────────────╯╰─────────────────────────────────────────────╯╰───────────────────────────────────────╯│
│1-9:screens | Tab:next | t:theme | ?:help | q:quit                                                                    │
╰──────────────────────────────────────────────────────────────────────────────────────────────────────────────────────╯
 Dashboard [1/28]  Cyberpunk Aurora                               tick:0 frm:0                                0x0 00:00 