 1: Tour │ 2: Dash │ 3: Shakes │ 4: Code │ 5: Widgets │ 6: Layout │ 7: Forms    
╭────────────────────────────────Accessibility─────────────────────────────────╮
│╭─────────────────────── Accessibility Control Panel ────────────────────────╮│
││Active Theme: Cyberpunk Aurora                                              ││
│╰────────────────────────────────────────────────────────────────────────────╯│
│╭───────────────────────────────── Toggles ──────────────────────────────────╮│
││ [h] High Contrast: OFF                                                     ││
││ [m] Reduced Motion: OFF                                                    ││
││ [l] Large Text: OFF                                                        ││
│╰────────────────────────────────────────────────────────────────────────────╯│
│╭ Tree · previous frame ─────────────────────────────────────────────────────╮│
││accessibility tree disabled (ProgramConfig::with_accessibility)             ││
││                                                                            ││
││                                                                            ││
││                                                                            ││
││                                                                            ││
│╰────────────────────────────────────────────────────────────────────────────╯│
│╭────────────────────────────── A11y Telemetry ──────────────────────────────╮│
││No a11y events yet. Toggle a mode to emit telemetry.                        ││
││                                                                            ││
││                                                                            ││
│╰────────────────────────────────────────────────────────────────────────────╯│
╰──────────────────────────────────────────────────────────────────────────────╯
 Accessibility [37/45] [h] [cmd] [p] [d]   Tab/Shift+Tab: next/prev   0x0 00:00 