 1: Tour │ 2: Dash │ 3: Shakes │ 4: Code │ 5: Widgets │ 6: Layout │ 7: Forms │ 8: DataViz │ 9: Files │ 0: Adv           
╭─────────────────────────────────────────────────────Inline Mode──────────────────────────────────────────────────────╮
│╭Inline Mode Story────────────────────────────────────────────╭─────────────────────Guided Tour──────────────────────╮│
││Mode: Inline  |  Compare: OFF  |  Anchor: Bottom  |  UI heigh│2/9 · Tour · LIVEick                                  ││
││Status: Live  |  Lines: 60  |  Scrollback preserved in inline│Speed 1.00x · Next 14.0s                              ││
││╭Inline Mode Story───────────────────────────────────────────│Inline Mode──────────────────────────────────────────╮││
│││000032 [INFO ] io      cursor sync                          │Inline mode keeps scrollback intact while chrome stays││
│││000033 [WARN ] layout  cursor sync                          │stable. Logs scroll above; UI stays put.             │││
│││000034 [ERROR] layout  cursor sync                          │Notice how the UI does not steal your terminal       │││
│││000035 [DEBUG] layout  scrollback ok                        │history.                                             │││
│││000036 [INFO ] core    scrollback ok                        │Controls: Space pause · ←/→ step · Esc exit          │││
│││000037 [WARN ] core    scrollback ok                        │Steps:                                               │││
│││000038 [ERROR] core    scrollback ok                        │• Tour · Dashboard                                   │││
│││000039 [DEBUG] render  scrollback ok                        │▶ Tour · Inline Mode                                 │││
│││000040 [INFO ] render  scrollback ok                        │• Systems · Determinism Lab                          │││
│││000041 [WARN ] render  scrollback ok                        ╰──────────────────────────────────────────────────────╯│
│││000042 [ERROR] runtime inline anchor                                                                              │││
│││000043 [DEBUG] runtime inline anchor                                                                              │││
│││000044 [INFO ] runtime inline anchor                                                                              │││
│││000045 [WARN ] widgets inline anchor                                                                              │││
│││000046 [ERROR] widgets inline anchor                                                                              │││
│││000047 [DEBUG] widgets inline anchor                                                                              │││
│││000048 [INFO ] io      inline anchor                                                                              │││
│││000049 [WARN ] io      budget check                                                                               │││
│││000050 [ERROR] io      budget check                                                                               │││
│││000051 [DEBUG] layout  budget check                                                                               │││
│││000052 [INFO ] layout  budget check                                                                               │││
│││000053 [WARN ] layout  budget check                                                                               │││
│││000054 [ERROR] core    budget check                                                                               │││
│││000055 [DEBUG] core    budget check                                                                               │││
│││000056 [INFO ] core    diff pass                                                                                  │││
│││000057 [WARN ] render  diff pass                                                                                  │││
│││000058 [ERROR] render  diff pass                                                                                  │││
│││000059 [DEBUG] render  diff pass                                                                                  │││
│││ INLINE MODE - SCROLLBACK PRESERVED                                                                               │││
│││ Anchor: BOTTOM  |  UI height: 2  |  Log rate: 2/tick                                                             │││
││╰──────────────────────────────────────────────────────────────────────────────────────────────────────────────────╯││
│╰────────────────────────────────────────────────────────────────────────────────────────────────────────────────────╯│
╰──────────────────────────────────────────────────────────────────────────────────────────────────────────────────────╯
 Inline Mode [1/43]  Cyberpunk Aurora [h] [cmd] [p] [d]  Mouse: ON        Tab/Shift+Tab: next/prev         120x40 00:00 