        English  Español  Français  Русский  [العربية]  Deutsch  ??????         
                                                                                
────────────────────────────────────────────────────────────────────────────────
╭Coverage Report──────────────────────╮ ╭String Lookup─────────────────────────╮
│              --- Coverage Report ---│ │                       --- التدويل ---│
│                                     │ │                                      │
│                        Total keys: 6│ │                                مرحب?!│
│                           Locales: 7│ │                           أهل? Alice!│
│                                     │ │                                      │
│                    ar 100% (6/6) <--│ │              Locale: Arabic (العربية)│
│                        de 100% (6/6)│ │       Direction: من اليمين إلى اليسار│
│                        en 100% (6/6)│ │                             Flow: Rtl│
│                        es 100% (6/6)│ │                                      │
│                        fr 100% (6/6)│ │                                      │
│                        ja 100% (6/6)│ │                                      │
│                        ru 100% (6/6)│ │                                      │
│                                     │ │                                      │
│                   Fallback chain: en│ │                                      │
│                                     │ │                                      │
│                                     │ │                                      │
│                                     │ │                                      │
│                                     │ │                                      │
╰─────────────────────────────────────╯ ╰──────────────────────────────────────╯
            1-4: panels (Overview)  L/R: locale  Dir: RTL  Current: Arabic (ar) 