        Deutsch  ??????  ]ةيبرعلا[  English  Español  Français  Русский         
                                                                                
────────────────────────────────────────────────────────────────────────────────
╭Coverage Report──────────────────────╮ ╭String Lookup─────────────────────────╮
│              --- Coverage Report ---│ │                       --- ليودتلا ---│
│                                     │ │                                      │
│                        Total keys: 6│ │                              ?ابحرم  │
│                           Locales: 7│ │                         !Alice?الهأ  │
│                                     │ │                                      │
│                    ar 100% (6/6) <--│ │            )ةيبرعلا( Locale: Arabic  │
│                        de 100% (6/6)│ │     راسيلا ىلإ نيميلا نم :Direction  │
│                        en 100% (6/6)│ │                             Flow: Rtl│
│                        es 100% (6/6)│ │                                      │
│                        fr 100% (6/6)│ │                                      │
│                        ja 100% (6/6)│ │                                      │
│                        ru 100% (6/6)│ │                                      │
│                                     │ │                                      │
│                   Fallback chain: en│ │                                      │
│                                     │ │                                      │
│                                     │ │                                      │
│                                     │ │                                      │
│                                     │ │                                      │
╰─────────────────────────────────────╯ ╰──────────────────────────────────────╯
            1-4: panels (Overview)  L/R: locale  Dir: RTL  Current: Arabic (ar) 