╭───Timeline (1/50)────╮╭──Frame Info──╮
│░░░░░░░░░░░░░░░░░░░░░░││Status: ⏸ Paus│
╰──────────────────────╯│              │
╭────Frame Preview─────╮│Frame: 1/50   │
│Frame 1/50 | 100us | e││Size: 40x15   │
│Frame 1/50            ││Changes: 600 c│
│                      ││Memory: 9600 b│
│                      ││Checksum: 18f5│
│Hello, World!         ││Render: 100µs │
╰──────────────────────╯╰──────────────╯