▸ A: Inputs │   B: Display │   C: Status │   D: Data Viz │   E: Navigation │   F: Layout │   G: Utility │   H: Advanced 
╭TextInput─────╮╭Masked Input──╮╭Command Palette──────────╮╭Log Viewer────────────╮  ┌────────── Pane Studio ──────────┐
│o@example.com ││••••••        ││                         ││demo started          │  │mode:Focus sel:1 tl:0/0 ops:0 sp:│
│              ││              ││                         ││DEBUG layout: resolved│  │┃              ││               ││
│              ││              ││ ╭── Command Palette ──╮ ││6 constraints         │  │┃ 16x15  @86,2 ││ 17x15  @102,2 ││
│              ││              ││ │>Type to search...   │ ││WARN  io: slow disk   │  │┃              ││               ││
│              ││              ││ │> [App] Quit  Exit t…│ ││detected, using cache │  │┃              ││               ││
│              ││              ││ │  [File] Open File   │ ││INFO  render: diff    │  │┃              ││               ││
╰──────────────╯╰──────────────╯│ │  [File] Save File   │ ││cells=512 runs=18     │  │┃              ││               ││
╭TextArea──────────────────────╮│ │  [View] Cycle Theme │ ││bytes=9.6KB           │  │┃              ││               ││
│1  FrankenTUI text area       ││ │  [View] Toggle Perf…│ ││INFO  net: connected  │  │┃              ││               ││
│2  - Multi-line editing       ││ ╰─────────────────────╯ ││to telemetry endpoint │  │┃              ││               ││
│3  - Soft wrap enabled        ││                         ││ERROR auth: token     │  │┃              ││               ││
│4  - Line numbers             ││                         ││expired, refresh      │  │┃              ││               ││
│                              │╰─────────────────────────╯│scheduled             │  │┃              ││               ││
│                              │╭File Picker──────────────╮╰──────────────────────╯  │┃              ■│               ││
│                              ││.                        │╭ProgressBar───────────╮  │──────■■■──────────────■■■───────│
│                              ││> ?? benches             ││          0%          │  │╭───5 pane-3───■╭───7 pane-4────╮│
│                              ││  ?? data                ││         25%          │  ││              ■│               ││
│                              ││  ?? src                 ││         50%          │  ││ 16x16  @86,1 ■│ 17x16  @102,1 ││
│                              ││  ?? tests               ││         75%          │  ││              ││               ││
│                              ││    .ubsignore           ││         100%         │  ││              ││               ││
│                              ││    Cargo.toml           ││    indeterminate     │  ││              ││               ││
│                              ││                         ││                      │  ││              ││               ││
│                              ││                         ││                      │  ││              ││               ││
╰──────────────────────────────╯│                         │╰──────────────────────╯  ││              ││               ││
╭Checkbo╮╭Select ╮╭Validation +╮│                         │╭Spinners──────────────╮  ││              ││               ││
│[ ] Ena││Select:││! Invalid e…│╰─────────────────────────╯│⠙ Loading (DOTS)      │  ││              ││               ││
│[x] Syn││Number:││ETA  00:59  │╭Notifications────────────╮╰──────────────────────╯  ││              ││               ││
│( ) Lig││Slider:││?? …        ││                         │╭Toast─────────────────╮  ││              ││               ││
│(*) Dar││       ││            ││                         ││┌────────────────────┐│  ││              ││               ││
│       ││       ││            ││                         │││Success             ││  ││              ││               ││
│       ││       ││            ││                         │││✓ Settings saved suc││  │╰──────────────│╰───────────────╯│
│       ││       ││            ││                         ││└────────────────────┘│  └─────────────────────────────────┘
│       ││       ││            ││                         ││                      │                                     
│       ││       ││            ││                         ││                      │  ╭Pane Studio──────────────────────╮
│       ││       ││            ││                         ││                      │  │Drag docks | Right click mode | W│
│       ││       ││            ││                         ││                      │  │                                 │
╰───────╯╰───────╯╰────────────╯╰─────────────────────────╯╰──────────────────────╯  ╰─────────────────────────────────╯
*.........                                                                                                              