  A: Inputs │   B: Display │   C: Status │ ▸ D: Data Viz │   E: Navigation │   F: Layout │   G: Utility │   H: Advanced 
╭Sparklines───────────────────────────────────────────────────────────────────────╮  ┌────────── Pane Studio ──────────┐
│▴▁▃▂▆▅▇▾                                                                         │  │mode:Focus sel:1 tl:0/0 ops:0 sp:│
╰─────────────────────────────────────────────────────────────────────────────────╯  │┃              ││               ││
╭Mini Bars────────────────────────────────────────────────────────────────────────╮  │┃ 16x15  @86,2 ││ 17x15  @102,2 ││
│CPU  ███████████████████████████████████████████████████░░░░░░░░░░░░░░░░░░░░  72%│  │┃              ││               ││
│Mem  ██████████████████████████████████░░░░░░░░░░░░░░░░░░░░░░░░░░░░░░░░░░░░░  48%│  │┃              ││               ││
╰─────────────────────────────────────────────────────────────────────────────────╯  │┃              ││               ││
╭JsonView─────────────────────────────────────────────────────────────────────────╮  │┃              ││               ││
│{                                                                                │  │┃              ││               ││
│  "name": "FrankenTUI",                                                          │  │┃              ││               ││
│  "version": "0.1.0",                                                            │  │┃              ││               ││
│  "widgets": 28,                                                                 │  │┃              ││               ││
│  "features": [                                                                  │  │┃              ││               ││
│    "charts",                                                                    │  │┃              ││               ││
│    "forms",                                                                     │  │┃              ■│               ││
│    "canvas"                                                                     │  │──────■■■──────────────■■■───────│
│  ],"nested": {                                                                  │  │╭───5 pane-3───■╭───7 pane-4────╮│
│    "key": "value"                                                               │  ││              ■│               ││
│  }                                                                              │  ││ 16x16  @86,1 ■│ 17x16  @102,1 ││
│}                                                                                │  ││              ││               ││
│                                                                                 │  ││              ││               ││
│                                                                                 │  ││              ││               ││
│                                                                                 │  ││              ││               ││
│                                                                                 │  ││              ││               ││
│                                                                                 │  ││              ││               ││
│                                                                                 │  ││              ││               ││
│                                                                                 │  ││              ││               ││
│                                                                                 │  ││              ││               ││
│                                                                                 │  ││              ││               ││
│                                                                                 │  ││              ││               ││
│                                                                                 │  ││              ││               ││
│                                                                                 │  │╰──────────────│╰───────────────╯│
│                                                                                 │  └─────────────────────────────────┘
│                                                                                 │                                     
│                                                                                 │  ╭Pane Studio──────────────────────╮
│                                                                                 │  │Drag docks | Right click mode | W│
│                                                                                 │  │                                 │
╰─────────────────────────────────────────────────────────────────────────────────╯  ╰─────────────────────────────────╯
...*....                                                                                                                