  A: Inputs │   B: Display │   C: Status │   D: Data Viz │   E: Navigation │   F
╭──────────────────────────────────────────────────────────────────────────────╮
│ VERIFIED  receipt receipt-0f3a91                                             │
│trace=trace-7c21  decision=decision-44  policy=policy-diff-strategy           │
│  signature     PASS   error_code=-                                           │
│  transparency  PASS   error_code=-                                           │
│  attestation   PASS   error_code=-                                           │
│warnings:                                                                     │
│  ! transparency log lag 4s (within tolerance)                                │
│                                                                              │
│                                                                              │
│                                                                              │
│                                                                              │
╰──────────────────────────────────────────────────────────────────────────────╯
╭ Pretty (Debug) ──────────────────────╮                                        
│SampleDecision {                      │  ┌────────────────────────┐            
│    strategy: "DirtyRows",            │  │Popover: flipped above  │            
│    dirty_rows: 4,                    │  │the anchor automatically│            
│    total_rows: 40,                   │  │                        │            
│    bayesian: true,                   │  │                        │            
│}                                     │  └────────────────────────┘            
│                                      │  anchor ▲                              
╰──────────────────────────────────────╯                                        
.........*                                                                      