  A: Inputs │   B: Display │   C: Status │   D: Data Viz │   E: Navigation │   F: Layout │   G: Utility │   H: Advanced 
╭────────────────────────────────────────╮╭───────────────────────────────────────╮  ┌────────── Pane Studio ──────────┐
│ OK  Diff strategy                      ││Drift Monitor                          │  │mode:Focus sel:1 tl:0/0 ops:0 sp:│
│Diff strategy: chose 'hybrid_diff' with ││diff_strategy  26%  FALLBACK           │  │┃              ││               ││
│Evidence:                               ││▇▇▇▇▇▇▇▇▆▆▆▇▇▇▇▇▇▇▇▇|▂▂▂▂▂▂▂▂▂▂▂       │  │┃ 16x15  @86,2 ││ 17x15  @102,2 ││
│  + change_rate: BF=3.50                ││ REGIME: diff_strategy -> deterministic│  │┃              ││               ││
│  - frame_cost: BF=0.80                 ││                                       │  │┃              ││               ││
│  ~ stability: BF=1.00                  ││                                       │  │┃              ││               ││
│────────────────────────────────────────││                                       │  │┃              ││               ││
│log_post=0.820 CI=[0.700,0.950] loss=0.1││                                       │  │┃              ││               ││
│                                        ││                                       │  │┃              ││               ││
│                                        ││                                       │  │┃              ││               ││
│                                        ││                                       │  │┃              ││               ││
│                                        ││                                       │  │┃              ││               ││
│                                        ││                                       │  │┃              ││               ││
│                                        ││                                       │  │┃              ■│               ││
│                                        ││                                       │  │──────■■■──────────────■■■───────│
│                                        ││                                       │  │╭───5 pane-3───■╭───7 pane-4────╮│
│                                        ││                                       │  ││              ■│               ││
╰────────────────────────────────────────╯╰───────────────────────────────────────╯  ││ 16x16  @86,1 ■│ 17x16  @102,1 ││
╭ Cached (hits=0, misses=1) ─────────────╮┌[Error]────────────────────────────────┐  ││              ││               ││
│Cached content at tick 1                ││ ! ErrorBoundary fallback              │  ││              ││               ││
│Key function: diag_tick                 ││   in: Paragraph                       │  ││              ││               ││
│Hits: 0 | Misses: 1                     ││   Press R to retry                    │  ││              ││               ││
│                                        ││                                       │  ││              ││               ││
│                                        ││                                       │  ││              ││               ││
│                                        ││                                       │  ││              ││               ││
│                                        ││                                       │  ││              ││               ││
│                                        ││                                       │  ││              ││               ││
│                                        ││                                       │  ││              ││               ││
│                                        ││                                       │  ││              ││               ││
│                                        ││                                       │  ││              ││               ││
│                                        ││                                       │  │╰──────────────│╰───────────────╯│
│                                        ││                                       │  └─────────────────────────────────┘
│                                        ││                                       │                                     
│                                        ││                                       │  ╭Pane Studio──────────────────────╮
│                                        ││                                       │  │Drag docks | Right click mode | W│
│                                        ││                                       │  │                                 │
╰────────────────────────────────────────╯└───────────────────────────────────────┘  ╰─────────────────────────────────╯
........*                                                                                                               